Perf Counters Report
Git commit: 9940fb30a4be622be047d106ffa6afdae9588bed

Statistics:
cycle and instruction counts:
  total cycle count: 3540417456
  total instruction count: 196122270
  IPC: 0.0554
  CPI: 18.0521
handshake counts:
+-----------------+-----------------+------------+
|   Description   | Handshake Count |  Frequency |
+-----------------+-----------------+------------+
|  IFU fetch inst |       196122270 |  0.0553952 |
|   EXU load data |        15848810 | 0.00447654 |
|        EXU calc |       196122269 |  0.0553952 |
| IDU decode inst |       196122269 |  0.0553952 |
+-----------------+-----------------+------------+
instruction type counts:
By type:
+------------+------------+----------+-------------+----------+---------+
|  Category  | Inst Count |  Inst %  | Cycle Count |  Cycle % | Avg CPI |
+------------+------------+----------+-------------+----------+---------+
|     branch |   52718843 |  26.8806 |   158156529 |  16.6892 |       3 |
| arithmetic |  114357795 |  58.3094 |   343073385 |  36.2022 |       3 |
|       load |   15848810 |  8.08109 |   328086937 |  34.6208 |  20.701 |
|      store |    7271439 |   3.7076 |   100565630 |   10.612 | 13.8302 |
|       jalr |    2035644 |  1.03795 |     6106932 | 0.644423 |       3 |
|        jal |    2046228 |  1.04334 |     6138684 | 0.647774 |       3 |
|        lui |     396918 | 0.202383 |     1190754 | 0.125652 |       3 |
|      auipc |    1446592 | 0.737597 |     4339776 | 0.457947 |       3 |
|     system |          0 |        0 |           0 |        0 |     nan |
+------------+------------+----------+-------------+----------+---------+
By format:
+----------+------------+---------+-------------+----------+---------+
| Category | Inst Count |  Inst % | Cycle Count |  Cycle % | Avg CPI |
+----------+------------+---------+-------------+----------+---------+
|   I_TYPE |  106030790 | 54.0636 |   598632877 |  63.1697 | 5.64584 |
|   R_TYPE |   26211459 | 13.3649 |    78634377 |  8.29775 |       3 |
|   S_TYPE |    7271439 |  3.7076 |   100565630 |   10.612 | 13.8302 |
|   U_TYPE |    1843510 | 0.93998 |     5530530 | 0.583599 |       3 |
|   J_TYPE |    2046228 | 1.04334 |     6138684 | 0.647774 |       3 |
|   B_TYPE |   52718843 | 26.8806 |   158156529 |  16.6892 |       3 |
+----------+------------+---------+-------------+----------+---------+
AXI4 Performance Counters Statistics:
+---------------+--------------+------------+---------+---------+------------+
|      Name     | Transactions |    Total   |   Avg   |   Max   |  Max Start |
|               |              |   Cycles   | Latency | Latency | (sim time) |
+---------------+--------------+------------+---------+---------+------------+
|  exu_mem_read |     15848765 |  296389782 | 18.7011 |     610 |      49736 |
|  ifu_mem_read |    196122270 | 1416025181 | 7.22011 |    2454 |         62 |
| exu_mem_write |      7271439 |   86022752 | 11.8302 |      72 |    2764694 |
+---------------+--------------+------------+---------+---------+------------+
IFU State Counter Statistics:
total instruction fetch count: 196122270
state statistics:
+------------+------------+---------+---------------+---------------+
|    State   |    Count   | Percent |     Count     |    Percent    |
|            |            |         | [exclu fetch] | [exclu fetch] |
+------------+------------+---------+---------------+---------------+
|       IDLE |  196122279 | 5.53952 |     196122279 |       5.53952 |
|  WAIT_INST | 1808269711 |  51.075 |    1612147441 |       45.5355 |
| WAIT_LATER | 1536025436 | 43.3854 |    1536025436 |       43.3854 |
+------------+------------+---------+---------------+---------------+
Cache Performance Counter Statistics:
hit rate: 177720725 / 196122270 = 90.6173 %
average hit access cycles: 1
average miss access cycles: 28.5633
AMAT : 3.68001
