Perf Counters Report
Git commit: c976dca982b7c839569829ba5b484dd30b8165a5

Statistics:
cycle and instruction counts:
  total cycle count: 3483763879
  total instruction count: 186591907
  IPC: 0.0536
  CPI: 18.6705
handshake counts:
+-----------------+-----------------+------------+
|   Description   | Handshake Count |  Frequency |
+-----------------+-----------------+------------+
|  IFU fetch inst |       186591907 |  0.0535604 |
|   EXU load data |        10740592 | 0.00308304 |
|        EXU calc |       186591906 |  0.0535604 |
| IDU decode inst |       186591906 |  0.0535604 |
+-----------------+-----------------+------------+
instruction type counts:
By type:
+------------+------------+----------+-------------+----------+---------+
|  Category  | Inst Count |  Inst %  | Cycle Count |  Cycle % | Avg CPI |
+------------+------------+----------+-------------+----------+---------+
|     branch |   52718734 |  28.2535 |   158156202 |  19.1762 |       3 |
| arithmetic |  113132349 |  60.6309 |   339397047 |  41.1514 |       3 |
|       load |   10740592 |  5.75619 |   297195625 |  36.0346 | 27.6703 |
|      store |    4855296 |  2.60209 |    14568104 |  1.76636 | 3.00046 |
|       jalr |    2035665 |  1.09097 |     6106995 | 0.740465 |       3 |
|        jal |    2049449 |  1.09836 |     6148347 | 0.745478 |       3 |
|        lui |     340274 | 0.182363 |     1020822 | 0.123773 |       3 |
|      auipc |     719547 | 0.385626 |     2158641 | 0.261732 |       3 |
|     system |          0 |        0 |           0 |        0 |     nan |
+------------+------------+----------+-------------+----------+---------+
By format:
+----------+------------+----------+-------------+----------+---------+
| Category | Inst Count |  Inst %  | Cycle Count |  Cycle % | Avg CPI |
+----------+------------+----------+-------------+----------+---------+
|   I_TYPE |  100101010 |   53.647 |   565276879 |   68.539 | 5.64706 |
|   R_TYPE |   25807596 |   13.831 |    77422788 |   9.3874 |       3 |
|   S_TYPE |    4855296 |  2.60209 |    14568104 |  1.76636 | 3.00046 |
|   U_TYPE |    1059821 | 0.567989 |     3179463 | 0.385505 |       3 |
|   J_TYPE |    2049449 |  1.09836 |     6148347 | 0.745478 |       3 |
|   B_TYPE |   52718734 |  28.2535 |   158156202 |  19.1762 |       3 |
+----------+------------+----------+-------------+----------+---------+
AXI4 Performance Counters Statistics:
+---------------+--------------+------------+---------+---------+------------+
|      Name     | Transactions |    Total   |   Avg   |   Max   |  Max Start |
|               |              |   Cycles   | Latency | Latency | (sim time) |
+---------------+--------------+------------+---------+---------+------------+
|  exu_mem_read |     10740592 |  275714441 | 25.6703 |     654 |     795054 |
|  ifu_mem_read |    186591907 | 1539460626 | 8.25041 |     622 |         62 |
| exu_mem_write |      4460122 |   61649368 | 13.8224 |      67 |     795010 |
+---------------+--------------+------------+---------+---------+------------+
IFU State Counter Statistics:
total instruction fetch count: 186591907
state statistics:
+------------+------------+---------+---------------+---------------+
|    State   |    Count   | Percent |     Count     |    Percent    |
|            |            |         | [exclu fetch] | [exclu fetch] |
+------------+------------+---------+---------------+---------------+
|       IDLE |  186591916 | 5.35604 |     186591916 |       5.35604 |
|  WAIT_INST | 1912644430 | 54.9017 |    1726052523 |       49.5456 |
| WAIT_LATER | 1384527503 | 39.7423 |    1384527503 |       39.7423 |
+------------+------------+---------+---------------+---------------+
Cache Performance Counter Statistics:
hit rate: 141268543 / 186591907 = 75.7099 %
average hit access cycles: 1
average miss access cycles: 24.7324
AMAT : 7.00751
