Perf Counters Report
Git commit: 72539a8285d0e2a5b63393515f0b158ced596724

Statistics:
cycle and instruction counts:
  total cycle count: 1425442
  total instruction count: 14781
  IPC: 0.0104
  CPI: 96.4375
handshake counts:
+-----------------+-----------------+------------+
|   Description   | Handshake Count |  Frequency |
+-----------------+-----------------+------------+
|  IFU fetch inst |           14781 |  0.0103694 |
|   EXU load data |            3270 | 0.00229403 |
|        EXU calc |           14780 |  0.0103687 |
| IDU decode inst |           14780 |  0.0103687 |
+-----------------+-----------------+------------+
instruction type counts:
By type:
+------------+------------+----------+-------------+-----------+---------+
|  Category  | Inst Count |  Inst %  | Cycle Count |  Cycle %  | Avg CPI |
+------------+------------+----------+-------------+-----------+---------+
|     branch |       3320 |  22.4628 |        9960 |   0.79655 |       3 |
| arithmetic |       5635 |  38.1258 |       16905 |   1.35197 |       3 |
|       load |       3270 |  22.1245 |     1176765 |   94.1116 | 359.867 |
|      store |       2208 |  14.9391 |       45722 |   3.65661 | 20.7074 |
|       jalr |        112 | 0.757781 |         336 | 0.0268716 |       3 |
|        jal |        107 | 0.723951 |         321 | 0.0256719 |       3 |
|        lui |         83 |  0.56157 |         249 | 0.0199137 |       3 |
|      auipc |         45 | 0.304465 |         135 | 0.0107966 |       3 |
|     system |          0 |        0 |           0 |         0 |     nan |
+------------+------------+----------+-------------+-----------+---------+
By format:
+----------+------------+----------+-------------+-----------+---------+
| Category | Inst Count |  Inst %  | Cycle Count |  Cycle %  | Avg CPI |
+----------+------------+----------+-------------+-----------+---------+
|   I_TYPE |       8854 |  59.9053 |     1193517 |   95.4514 |   134.8 |
|   R_TYPE |        163 |  1.10284 |         489 | 0.0391077 |       3 |
|   S_TYPE |       2208 |  14.9391 |       45722 |   3.65661 | 20.7074 |
|   U_TYPE |        128 | 0.866035 |         384 | 0.0307103 |       3 |
|   J_TYPE |        107 | 0.723951 |         321 | 0.0256719 |       3 |
|   B_TYPE |       3320 |  22.4628 |        9960 |   0.79655 |       3 |
+----------+------------+----------+-------------+-----------+---------+
AXI4 Performance Counters Statistics:
+---------------+--------------+---------+---------+---------+------------+
|      Name     | Transactions |  Total  |   Avg   |   Max   |  Max Start |
|               |              |  Cycles | Latency | Latency | (sim time) |
+---------------+--------------+---------+---------+---------+------------+
|  exu_mem_read |         3270 | 1170225 | 357.867 |     610 |      49736 |
|  ifu_mem_read |        14781 |   86335 | 5.84094 |    2454 |         62 |
| exu_mem_write |         2208 |   41306 | 18.7074 |      72 |     832500 |
+---------------+--------------+---------+---------+---------+------------+
IFU State Counter Statistics:
total instruction fetch count: 14781
state statistics:
+------------+---------+---------+---------------+---------------+
|    State   |  Count  | Percent |     Count     |    Percent    |
|            |         |         | [exclu fetch] | [exclu fetch] |
+------------+---------+---------+---------------+---------------+
|       IDLE |   14790 | 1.03757 |         14790 |       1.03757 |
|  WAIT_INST |  115887 |  8.1299 |        101106 |       7.09296 |
| WAIT_LATER | 1294735 | 90.8304 |       1294735 |       90.8304 |
+------------+---------+---------+---------------+---------------+
Cache Performance Counter Statistics:
hit rate: 14588 / 14781 = 98.6943 %
average hit access cycles: 1
average miss access cycles: 96.7617
AMAT : 2.26345
