Perf Counters Report
Git commit: 72539a8285d0e2a5b63393515f0b158ced596724

Statistics:
cycle and instruction counts:
  total cycle count: 1425963
  total instruction count: 14785
  IPC: 0.0104
  CPI: 96.4466
handshake counts:
+-----------------+-----------------+------------+
|   Description   | Handshake Count |  Frequency |
+-----------------+-----------------+------------+
|  IFU fetch inst |           14785 |  0.0103684 |
|   EXU load data |            3271 | 0.00229389 |
|        EXU calc |           14784 |  0.0103677 |
| IDU decode inst |           14784 |  0.0103677 |
+-----------------+-----------------+------------+
instruction type counts:
By type:
+------------+------------+----------+-------------+-----------+---------+
|  Category  | Inst Count |  Inst %  | Cycle Count |  Cycle %  | Avg CPI |
+------------+------------+----------+-------------+-----------+---------+
|     branch |       3321 |  22.4635 |        9963 |  0.796796 |       3 |
| arithmetic |       5637 |  38.1291 |       16911 |   1.35247 |       3 |
|       load |       3271 |  22.1253 |     1176745 |   94.1108 | 359.751 |
|      store |       2208 |  14.9351 |       45722 |   3.65664 | 20.7074 |
|       jalr |        112 | 0.757576 |         336 | 0.0268718 |       3 |
|        jal |        107 | 0.723755 |         321 | 0.0256722 |       3 |
|        lui |         83 | 0.561418 |         249 | 0.0199139 |       3 |
|      auipc |         45 | 0.304383 |         135 | 0.0107967 |       3 |
|     system |          0 |        0 |           0 |         0 |     nan |
+------------+------------+----------+-------------+-----------+---------+
By format:
+----------+------------+----------+-------------+-----------+---------+
| Category | Inst Count |  Inst %  | Cycle Count |  Cycle %  | Avg CPI |
+----------+------------+----------+-------------+-----------+---------+
|   I_TYPE |       8857 |  59.9094 |     1193503 |   95.4511 | 134.753 |
|   R_TYPE |        163 |  1.10254 |         489 |  0.039108 |       3 |
|   S_TYPE |       2208 |  14.9351 |       45722 |   3.65664 | 20.7074 |
|   U_TYPE |        128 | 0.865801 |         384 | 0.0307106 |       3 |
|   J_TYPE |        107 | 0.723755 |         321 | 0.0256722 |       3 |
|   B_TYPE |       3321 |  22.4635 |        9963 |  0.796796 |       3 |
+----------+------------+----------+-------------+-----------+---------+
AXI4 Performance Counters Statistics:
+---------------+--------------+---------+---------+---------+------------+
|      Name     | Transactions |  Total  |   Avg   |   Max   |  Max Start |
|               |              |  Cycles | Latency | Latency | (sim time) |
+---------------+--------------+---------+---------+---------+------------+
|  exu_mem_read |         3271 | 1170203 | 357.751 |     610 |      49736 |
|  ifu_mem_read |        14785 |   86843 | 5.87372 |    2454 |         62 |
| exu_mem_write |         2208 |   41306 | 18.7074 |      72 |     832500 |
+---------------+--------------+---------+---------+---------+------------+
IFU State Counter Statistics:
total instruction fetch count: 14785
state statistics:
+------------+---------+---------+---------------+---------------+
|    State   |  Count  | Percent |     Count     |    Percent    |
|            |         |         | [exclu fetch] | [exclu fetch] |
+------------+---------+---------+---------------+---------------+
|       IDLE |   14794 | 1.03747 |         14794 |       1.03747 |
|  WAIT_INST |  116403 | 8.16312 |        101618 |       7.12627 |
| WAIT_LATER | 1294736 | 90.7973 |       1294736 |       90.7973 |
+------------+---------+---------+---------------+---------------+
Cache Performance Counter Statistics:
hit rate: 14584 / 14785 = 98.6405 %
average hit access cycles: 1
average miss access cycles: 93.9453
AMAT : 2.27717
