Perf Counters Report
Git commit: 31d12cc0d16f8168dfe7217e3c1a0fd450eabd88

Statistics:
cycle and instruction counts:
  total cycle count: 7756556314
  total instruction count: 259279820
  IPC: 0.0334
  CPI: 29.9158
handshake counts:
+-----------------+-----------------+------------+
|   Description   | Handshake Count |  Frequency |
+-----------------+-----------------+------------+
|  IFU fetch inst |       438920840 |  0.0565871 |
|   EXU load data |        16653442 | 0.00214701 |
| IDU decode inst |       437284005 |   0.056376 |
+-----------------+-----------------+------------+
AXI4 Performance Counters Statistics:
+---------------+--------------+------------+---------+---------+------------+
|      Name     | Transactions |    Total   |   Avg   |   Max   |  Max Start |
|               |              |   Cycles   | Latency | Latency | (sim time) |
+---------------+--------------+------------+---------+---------+------------+
|  lsu_mem_read |     16653419 | 4191547080 | 251.693 |    4579 |      39726 |
|  ifu_mem_read |    230092478 | 7526463794 | 32.7106 |    7955 |     357038 |
| lsu_mem_write |      8248056 | 1767100014 | 214.244 |    1862 |      61084 |
+---------------+--------------+------------+---------+---------+------------+
Pipeline Performance Counter Statistics:
+-------+--------------+------------+-----------+--------------+---------+---------+
| Stage | Backpressure |   Bubble   |    Fire   | Backpressure |  Bubble |   Fire  |
|       |    Cycles    |   Cycles   |   Cycles  |       %      |    %    |    %    |
+-------+--------------+------------+-----------+--------------+---------+---------+
|   IFU |   5526591722 | 1735750977 | 494213585 |      71.2506 | 22.3779 | 6.37156 |
|   IDU |   5815476868 | 1503795411 | 437284005 |       74.975 | 19.3874 | 5.63761 |
|   EXU |   5958647027 | 1538629436 | 259279821 |      76.8208 | 19.8365 | 3.34272 |
|   LSU |            0 | 7497276463 | 259279821 |            0 | 96.6573 | 3.34272 |
+-------+--------------+------------+-----------+--------------+---------+---------+
RAW Stall Performance Counter Statistics:
total RAW stall cycles: 2907474580 (37.4841 %)
+--------------+--------------+----------+-----------------+
|    Reason    | Stall Cycles |  Stall % |     Stall %     |
|              |              | (in tot) | (in all stalls) |
+--------------+--------------+----------+-----------------+
| EXU conflict |    373189395 |  4.81128 |         12.8355 |
| LSU conflict |   2589549126 |  33.3853 |         89.0652 |
| WBU conflict |      8570364 | 0.110492 |         0.29477 |
+--------------+--------------+----------+-----------------+
IDU Flush Performance Counter Statistics:
total IDU flush cycles: 991919944 (12.7881 %)
+-------------+-----------+----------+------------------+
|    Reason   |   Flush   |  Flush % |      Flush %     |
|             |   Cycles  | (in tot) | (in all flushes) |
+-------------+-----------+----------+------------------+
| BranchTaken | 391944573 |  5.05307 |          39.5137 |
|        JALR | 264411493 |  3.40888 |          26.6565 |
|         JAL | 335563878 |   4.3262 |          33.8297 |
|   Exception |         0 |        0 |                0 |
|     Unknown |         0 |        0 |                0 |
+-------------+-----------+----------+------------------+
Cache Performance Counter Statistics:
hit rate: 468621410 / 494213586 = 94.8216 %
average hit access cycles: 0
average miss access cycles: 85.7996
AMAT : 4.44301
