Perf Counters Report
Git commit: fdf8688747c61c962501fc170fab00fc6891f06f

Statistics:
cycle and instruction counts:
  total cycle count: 7924952403
  total instruction count: 259279322
  IPC: 0.0327
  CPI: 30.5653
handshake counts:
+-----------------+-----------------+------------+
|   Description   | Handshake Count |  Frequency |
+-----------------+-----------------+------------+
|  IFU fetch inst |       398761176 |  0.0503172 |
|   EXU load data |        16653364 | 0.00210138 |
| IDU decode inst |       436506584 |    0.05508 |
+-----------------+-----------------+------------+
AXI4 Performance Counters Statistics:
+---------------+--------------+------------+---------+---------+------------+
|      Name     | Transactions |    Total   |   Avg   |   Max   |  Max Start |
|               |              |   Cycles   | Latency | Latency | (sim time) |
+---------------+--------------+------------+---------+---------+------------+
|  lsu_mem_read |     16653341 | 4190780098 | 251.648 |    4579 |      39734 |
|  ifu_mem_read |    224869904 | 7700082457 | 34.2424 |    7954 |     357364 |
| lsu_mem_write |      8248034 | 1763842744 |  213.85 |    1860 |     360418 |
+---------------+--------------+------------+---------+---------+------------+
Pipeline Performance Counter Statistics:
+-------+--------------+------------+-----------+--------------+---------+---------+
| Stage | Backpressure |   Bubble   |    Fire   | Backpressure |  Bubble |   Fire  |
|       |    Cycles    |   Cycles   |   Cycles  |       %      |    %    |    %    |
+-------+--------------+------------+-----------+--------------+---------+---------+
|   IFU |   5705661340 | 1725124431 | 494166602 |      71.9962 | 21.7683 | 6.23558 |
|   IDU |   6002357153 | 1486088636 | 436506584 |        75.74 |  18.752 |   5.508 |
|   EXU |   5954622753 | 1711050297 | 259279323 |      75.1376 | 21.5907 | 3.27168 |
|   LSU |            0 | 7665673050 | 259279323 |            0 | 96.7283 | 3.27168 |
+-------+--------------+------------+-----------+--------------+---------+---------+
RAW Stall Performance Counter Statistics:
total RAW stall cycles: 3449348412 (43.5252 %)
+--------------+--------------+----------+-----------------+
|    Reason    | Stall Cycles |  Stall % |     Stall %     |
|              |              | (in tot) | (in all stalls) |
+--------------+--------------+----------+-----------------+
| EXU conflict |    775079184 |  9.78024 |         22.4703 |
| LSU conflict |   2625367089 |  33.1279 |          76.112 |
| WBU conflict |    100873823 |  1.27286 |         2.92443 |
+--------------+--------------+----------+-----------------+
Cache Performance Counter Statistics:
hit rate: 468574519 / 494166603 = 94.8212 %
average hit access cycles: 0
average miss access cycles: 85.8639
AMAT : 4.44675
