Perf Counters Report
Git commit: 2ab281e7ffc8740f0d2f972a6eebaec2299d0375

Statistics:
cycle and instruction counts:
  total cycle count: 6879793988
  total instruction count: 196124884
  IPC: 0.0285
  CPI: 35.0786
handshake counts:
+-----------------+-----------------+------------+
|   Description   | Handshake Count |  Frequency |
+-----------------+-----------------+------------+
|  IFU fetch inst |       196124884 |  0.0285074 |
|   EXU load data |        15848644 | 0.00230365 |
|        EXU calc |       196124883 |  0.0285074 |
| IDU decode inst |       196124883 |  0.0285074 |
+-----------------+-----------------+------------+
instruction type counts:
By type:
+------------+------------+-------------+-------------+-------------+---------+
|  Category  | Inst Count |    Inst %   | Cycle Count |   Cycle %   | Avg CPI |
+------------+------------+-------------+-------------+-------------+---------+
|     branch |   52719850 |     26.8808 |   158159550 |     3.72072 |       3 |
| arithmetic |  114359511 |     58.3095 |   343078533 |     8.07096 |       3 |
|       load |   15848644 |     8.08089 |  2699091637 |     63.4964 | 170.304 |
|      store |    7271441 |     3.70756 |  1032670711 |     24.2937 | 142.017 |
|       jalr |    2035701 |     1.03796 |     6107103 |     0.14367 |       3 |
|        jal |    2046265 |     1.04335 |     6138795 |    0.144416 |       3 |
|        lui |     396882 |    0.202362 |     1190646 |   0.0280101 |       3 |
|      auipc |    1446588 |    0.737585 |     4339764 |    0.102093 |       3 |
|     system |          0 |           0 |           0 |           0 |     nan |
|    fence.i |          1 | 5.09879e-07 |           3 | 7.05753e-08 |       3 |
+------------+------------+-------------+-------------+-------------+---------+
By format:
+----------+------------+----------+-------------+----------+---------+
| Category | Inst Count |  Inst %  | Cycle Count |  Cycle % | Avg CPI |
+----------+------------+----------+-------------+----------+---------+
|   I_TYPE |  106031860 |  54.0634 |  2969641285 |  69.8611 | 28.0071 |
|   R_TYPE |   26211997 |   13.365 |    78635991 |  1.84992 |       3 |
|   S_TYPE |    7271441 |  3.70756 |  1032670711 |  24.2937 | 142.017 |
|   U_TYPE |    1843470 | 0.939947 |     5530410 | 0.130104 |       3 |
|   J_TYPE |    2046265 |  1.04335 |     6138795 | 0.144416 |       3 |
|   B_TYPE |   52719850 |  26.8808 |   158159550 |  3.72072 |       3 |
+----------+------------+----------+-------------+----------+---------+
AXI4 Performance Counters Statistics:
+---------------+--------------+------------+---------+---------+------------+
|      Name     | Transactions |    Total   |   Avg   |   Max   |  Max Start |
|               |              |   Cycles   | Latency | Latency | (sim time) |
+---------------+--------------+------------+---------+---------+------------+
|  exu_mem_read |     15848599 | 2667394814 | 168.305 |    1066 |      87214 |
|  ifu_mem_read |    196124884 | 1452267914 | 7.40481 |    4278 |         62 |
| exu_mem_write |      7271441 | 1018127829 | 140.017 |     241 |      25798 |
+---------------+--------------+------------+---------+---------+------------+
IFU State Counter Statistics:
total instruction fetch count: 196124884
state statistics:
+------------+------------+---------+---------------+---------------+
|    State   |    Count   | Percent |     Count     |    Percent    |
|            |            |         | [exclu fetch] | [exclu fetch] |
+------------+------------+---------+---------------+---------------+
|       IDLE |  196124893 | 2.85074 |     196124893 |       2.85074 |
|  WAIT_INST | 1844517672 | 26.8107 |    1648392788 |       23.9599 |
| WAIT_LATER | 4839151393 | 70.3386 |    4839151393 |       70.3386 |
+------------+------------+---------+---------------+---------------+
Cache Performance Counter Statistics:
hit rate: 177722638 / 196124884 = 90.6171 %
average hit access cycles: 1
average miss access cycles: 30.5229
AMAT : 3.86394
