Perf Counters Report
Git commit: 00262a2aa34807ed4903a54264cc92dd0b37e5cd

Statistics:
cycle and instruction counts:
  total cycle count: 8665539946
  total instruction count: 259280053
  IPC: 0.0299
  CPI: 33.4215
handshake counts:
+-----------------+-----------------+-----------+
|   Description   | Handshake Count | Frequency |
+-----------------+-----------------+-----------+
|  IFU fetch inst |       259280053 | 0.0299208 |
|   EXU load data |        16653392 | 0.0019218 |
|        EXU calc |       259280052 | 0.0299208 |
| IDU decode inst |       259280052 | 0.0299208 |
+-----------------+-----------------+-----------+
instruction type counts:
By type:
+------------+------------+-------------+-------------+-------------+---------+
|  Category  | Inst Count |    Inst %   | Cycle Count |   Cycle %   | Avg CPI |
+------------+------------+-------------+-------------+-------------+---------+
|     branch |   75202201 |     29.0042 |   376011005 |     6.92441 |       5 |
| arithmetic |  152122722 |     58.6712 |   760613610 |      14.007 |       5 |
|       load |   16653392 |     6.42294 |  2986674988 |      55.001 | 179.343 |
|      store |    8248075 |     3.18115 |  1271653430 |     23.4181 | 154.176 |
|       jalr |    2676989 |     1.03247 |    13384945 |     0.24649 |       5 |
|        jal |    3206926 |     1.23686 |    16034630 |    0.295285 |       5 |
|        lui |     665649 |     0.25673 |     3328245 |   0.0612911 |       5 |
|      auipc |     504097 |    0.194422 |     2520485 |   0.0464159 |       5 |
|     system |          0 |           0 |           0 |           0 |     nan |
|    fence.i |          1 | 3.85683e-07 |           5 | 9.20773e-08 |       5 |
+------------+------------+-------------+-------------+-------------+---------+
By format:
+----------+------------+----------+-------------+----------+---------+
| Category | Inst Count |  Inst %  | Cycle Count |  Cycle % | Avg CPI |
+----------+------------+----------+-------------+----------+---------+
|   I_TYPE |  143361873 |  55.2923 |  3620217393 |   66.668 | 25.2523 |
|   R_TYPE |   28091231 |  10.8343 |   140456155 |  2.58656 |       5 |
|   S_TYPE |    8248075 |  3.18115 |  1271653430 |  23.4181 | 154.176 |
|   U_TYPE |    1169746 | 0.451152 |     5848730 | 0.107707 |       5 |
|   J_TYPE |    3206926 |  1.23686 |    16034630 | 0.295285 |       5 |
|   B_TYPE |   75202201 |  29.0042 |   376011005 |  6.92441 |       5 |
+----------+------------+----------+-------------+----------+---------+
AXI4 Performance Counters Statistics:
+---------------+--------------+------------+---------+---------+------------+
|      Name     | Transactions |    Total   |   Avg   |   Max   |  Max Start |
|               |              |   Cycles   | Latency | Latency | (sim time) |
+---------------+--------------+------------+---------+---------+------------+
|  lsu_mem_read |     16653369 | 2903408304 | 174.344 |    1066 |      78694 |
|  ifu_mem_read |    259280053 | 1679638257 | 6.47809 |    4278 |         62 |
| lsu_mem_write |      8248075 | 1230413055 | 149.176 |     241 |      34518 |
+---------------+--------------+------------+---------+---------+------------+
IFU State Counter Statistics:
total instruction fetch count: 259280053
state statistics:
+------------+------------+---------+---------------+---------------+
|    State   |    Count   | Percent |     Count     |    Percent    |
|            |            |         | [exclu fetch] | [exclu fetch] |
+------------+------------+---------+---------------+---------------+
|       IDLE |  259280062 | 2.99208 |     259280062 |       2.99208 |
|  WAIT_INST | 2198198353 | 25.3671 |    1938918300 |        22.375 |
| WAIT_LATER | 6208061501 | 71.6408 |    6208061501 |       71.6408 |
+------------+------------+---------+---------------+---------------+
Cache Performance Counter Statistics:
hit rate: 238479362 / 259280053 = 91.9775 %
average hit access cycles: 1
average miss access cycles: 30.4929
AMAT : 3.44629
